
> hyperlan-site@0.1.0 build
> next build

   Γû▓ Next.js 15.5.12
   - Environments: .env

   Creating an optimized production build ...
npm : glob error [Error: 
EPERM: operation not 
permitted, scandir 
'C:\Users\Sridhar 
A\Application Data'] {
At line:1 char:1
+ npm run build > 
build_output.log 2>&1
+ ~~~~~~~~~~~~~~~~~~~~~~~~~~~~
~~~~~~~~~
    + CategoryInfo          : 
    NotSpecified: (glob erro  
  r [Err...cation Data'] {:   
 String) [], RemoteExcepti    
on
    + FullyQualifiedErrorId : 
    NativeCommandError
 
  errno: -4048,
  code: 'EPERM',
  syscall: 'scandir',
  path: 'C:\\Users\\Sridhar 
A\\Application Data'
}
Failed to compile.

Error: EPERM: operation not 
permitted, scandir 
'C:\Users\Sridhar 
A\Application Data'


> Build failed because of 
webpack errors
